2025-07-06 20:17:00 | INFO | repo=netdata | action=commit
2025-01-10 15:52:00 | DEBUG | repo=netdata | action=commit
2025-11-09 20:24:00 | DEBUG | repo=netdata | action=commit
2025-07-21 07:26:00 | WARN | repo=netdata | action=commit
2025-01-27 13:54:00 | INFO | repo=netdata | action=commit
2025-02-16 11:24:00 | WARN | repo=netdata | action=commit
2025-09-28 08:12:00 | DEBUG | repo=netdata | action=commit
2025-05-27 13:57:00 | INFO | repo=netdata | action=edit | files=1
2025-04-20 07:25:00 | WARN | repo=netdata | action=commit
2025-04-13 16:01:00 | INFO | repo=netdata | action=commit
2025-01-22 07:14:00 | INFO | repo=netdata | action=commit
2025-02-17 13:47:00 | DEBUG | repo=netdata | action=commit
2025-06-15 12:51:00 | INFO | repo=netdata | action=commit
2025-04-20 13:06:00 | INFO | repo=netdata | action=pull
2025-09-20 08:44:00 | DEBUG | repo=netdata | action=test | passed=true
2025-01-09 12:17:00 | INFO | repo=netdata | action=commit
2025-10-07 11:14:00 | DEBUG | repo=netdata | action=pull
2025-11-07 18:57:00 | DEBUG | repo=netdata | action=commit
2025-10-09 20:19:00 | WARN | repo=netdata | action=commit
2025-05-15 19:12:00 | INFO | repo=netdata | action=commit
2025-04-02 16:49:00 | INFO | repo=netdata | action=test | passed=true
2025-10-14 07:36:00 | WARN | repo=netdata | action=commit
2025-01-05 09:54:00 | WARN | repo=netdata | action=commit
2025-08-09 08:27:00 | WARN | repo=netdata | action=commit
